###############################################################################
#
# IAR ELF Linker V8.11.2.13589/W32 for ARM                04/Jan/2025  13:01:23
# Copyright 2007-2017 IAR Systems AB.
#
#    Output file  =  
#        C:\Users\Pz\Desktop\Education STM_C-C++\0_Testing\4_tube
#        clock\Debug\Exe\tube clock.out
#    Map file     =  
#        C:\Users\Pz\Desktop\Education STM_C-C++\0_Testing\4_tube
#        clock\Debug\List\tube clock.map
#    Command line =  
#        -f C:\Users\Pz\AppData\Local\Temp\EW6DF0.tmp
#        ("C:\Users\Pz\Desktop\Education STM_C-C++\0_Testing\4_tube
#        clock\Debug\Obj\main.o" "C:\Users\Pz\Desktop\Education
#        STM_C-C++\0_Testing\4_tube clock\Debug\Obj\startup_stm32f103xb.o"
#        "C:\Users\Pz\Desktop\Education STM_C-C++\0_Testing\4_tube
#        clock\Debug\Obj\system_stm32f1xx.o" -o "C:\Users\Pz\Desktop\Education
#        STM_C-C++\0_Testing\4_tube clock\Debug\Exe\tube clock.out" --redirect
#        _Printf=_PrintfFullNoMb --redirect _Scanf=_ScanfFullNoMb --map
#        "C:\Users\Pz\Desktop\Education STM_C-C++\0_Testing\4_tube
#        clock\Debug\List\tube clock.map" --config "C:\Program Files (x86)\IAR
#        Systems\Embedded Workbench 8.0\arm\config\linker\ST\stm32f103x8.icf"
#        --semihosting --entry __iar_program_start --vfe --text_out locale)
#
###############################################################################

*******************************************************************************
*** RUNTIME MODEL ATTRIBUTES
***

CppFlavor       = *
__SystemLibrary = DLib
__dlib_version  = 6


*******************************************************************************
*** HEAP SELECTION
***

The basic heap was selected because no calls to memory allocation
functions were found in the application outside of system library
functions, and there are calls to deallocation functions in the
application.


*******************************************************************************
*** PLACEMENT SUMMARY
***

"A0":  place at 0x08000000 { ro section .intvec };
"P1":  place in [from 0x08000000 to 0x0800ffff] { ro };
define block CSTACK with size = 2K, alignment = 8 { };
define block HEAP with size = 2K, alignment = 8 { };
"P2":  place in [from 0x20000000 to 0x20004fff] {
          rw, block CSTACK, block HEAP };
initialize by copy { rw };

  Section            Kind        Address   Size  Object
  -------            ----        -------   ----  ------
"A0":                                      0xec
  .intvec            ro code  0x08000000   0xec  startup_stm32f103xb.o [1]
                            - 0x080000ec   0xec

"P1":                                     0xf6c
  .text              ro code  0x080000ec  0xd48  main.o [1]
  .text              ro code  0x08000e34   0x68  system_stm32f1xx.o [1]
  .text              ro code  0x08000e9c   0x2c  copy_init3.o [4]
  .text              ro code  0x08000ec8   0x28  data_init.o [4]
  .iar.init_table    const    0x08000ef0   0x14  - Linker created -
  .text              ro code  0x08000f04   0x1a  cmain.o [4]
  .text              ro code  0x08000f1e    0x4  low_level_init.o [3]
  .text              ro code  0x08000f22    0x4  exit.o [3]
  .text              ro code  0x08000f28    0xa  cexit.o [4]
  .text              ro code  0x08000f34   0x14  exit.o [5]
  .rodata            const    0x08000f48   0x10  main.o [1]
  .text              ro code  0x08000f58   0x10  startup_stm32f103xb.o [1]
  Initializer bytes  const    0x08000f68   0x10  <for P2-1>
  .text              ro code  0x08000f78    0xc  cstartup_M.o [4]
  .rodata            const    0x08000f84    0x8  main.o [1]
  .text              ro code  0x08000f8c    0x4  startup_stm32f103xb.o [1]
  .text              ro code  0x08000f90    0x4  startup_stm32f103xb.o [1]
  .text              ro code  0x08000f94    0x4  startup_stm32f103xb.o [1]
  .text              ro code  0x08000f98    0x4  startup_stm32f103xb.o [1]
  .text              ro code  0x08000f9c    0x4  startup_stm32f103xb.o [1]
  .text              ro code  0x08000fa0    0x4  startup_stm32f103xb.o [1]
  .text              ro code  0x08000fa4    0x4  startup_stm32f103xb.o [1]
  .text              ro code  0x08000fa8    0x4  startup_stm32f103xb.o [1]
  .text              ro code  0x08000fac    0x4  startup_stm32f103xb.o [1]
  .text              ro code  0x08000fb0    0x4  startup_stm32f103xb.o [1]
  .text              ro code  0x08000fb4    0x4  startup_stm32f103xb.o [1]
  .text              ro code  0x08000fb8    0x4  startup_stm32f103xb.o [1]
  .text              ro code  0x08000fbc    0x4  startup_stm32f103xb.o [1]
  .text              ro code  0x08000fc0    0x4  startup_stm32f103xb.o [1]
  .text              ro code  0x08000fc4    0x4  startup_stm32f103xb.o [1]
  .text              ro code  0x08000fc8    0x4  startup_stm32f103xb.o [1]
  .text              ro code  0x08000fcc    0x4  startup_stm32f103xb.o [1]
  .text              ro code  0x08000fd0    0x4  startup_stm32f103xb.o [1]
  .text              ro code  0x08000fd4    0x4  startup_stm32f103xb.o [1]
  .text              ro code  0x08000fd8    0x4  startup_stm32f103xb.o [1]
  .text              ro code  0x08000fdc    0x4  startup_stm32f103xb.o [1]
  .text              ro code  0x08000fe0    0x4  startup_stm32f103xb.o [1]
  .text              ro code  0x08000fe4    0x4  startup_stm32f103xb.o [1]
  .text              ro code  0x08000fe8    0x4  startup_stm32f103xb.o [1]
  .text              ro code  0x08000fec    0x4  startup_stm32f103xb.o [1]
  .text              ro code  0x08000ff0    0x4  startup_stm32f103xb.o [1]
  .text              ro code  0x08000ff4    0x4  startup_stm32f103xb.o [1]
  .text              ro code  0x08000ff8    0x4  startup_stm32f103xb.o [1]
  .text              ro code  0x08000ffc    0x4  startup_stm32f103xb.o [1]
  .text              ro code  0x08001000    0x4  startup_stm32f103xb.o [1]
  .text              ro code  0x08001004    0x4  startup_stm32f103xb.o [1]
  .text              ro code  0x08001008    0x4  startup_stm32f103xb.o [1]
  .text              ro code  0x0800100c    0x4  startup_stm32f103xb.o [1]
  .text              ro code  0x08001010    0x4  startup_stm32f103xb.o [1]
  .text              ro code  0x08001014    0x4  startup_stm32f103xb.o [1]
  .text              ro code  0x08001018    0x4  startup_stm32f103xb.o [1]
  .text              ro code  0x0800101c    0x4  startup_stm32f103xb.o [1]
  .text              ro code  0x08001020    0x4  startup_stm32f103xb.o [1]
  .text              ro code  0x08001024    0x4  startup_stm32f103xb.o [1]
  .text              ro code  0x08001028    0x4  startup_stm32f103xb.o [1]
  .text              ro code  0x0800102c    0x4  startup_stm32f103xb.o [1]
  .text              ro code  0x08001030    0x4  startup_stm32f103xb.o [1]
  .text              ro code  0x08001034    0x4  startup_stm32f103xb.o [1]
  .text              ro code  0x08001038    0x4  startup_stm32f103xb.o [1]
  .text              ro code  0x0800103c    0x4  startup_stm32f103xb.o [1]
  .text              ro code  0x08001040    0x4  startup_stm32f103xb.o [1]
  .text              ro code  0x08001044    0x4  startup_stm32f103xb.o [1]
  .text              ro code  0x08001048    0x4  startup_stm32f103xb.o [1]
  .text              ro code  0x0800104c    0x4  startup_stm32f103xb.o [1]
  .text              ro code  0x08001050    0x4  startup_stm32f103xb.o [1]
  .text              ro code  0x08001054    0x4  startup_stm32f103xb.o [1]
  .rodata            const    0x08001058    0x0  copy_init3.o [4]
                            - 0x08001058  0xf6c

"P2", part 1 of 2:                         0x10
  P2-1                        0x20000000    0xe  <Init block>
    .data            inited   0x20000000    0xc  main.o [1]
    .data            inited   0x2000000c    0x1  main.o [1]
    .bss             inited   0x2000000d    0x1  main.o [1]
                            - 0x2000000e    0xe

"P2", part 2 of 2:                        0x800
  CSTACK                      0x20000010  0x800  <Block>
    CSTACK           uninit   0x20000010  0x800  <Block tail>
                            - 0x20000810  0x800


*******************************************************************************
*** INIT TABLE
***

          Address     Size
          -------     ----
Copy (__iar_copy_init3)
    1 source range, total size 0x10 (114% of destination):
          0x08000f68  0x10
    1 destination range, total size 0xe:
          0x20000000   0xe



*******************************************************************************
*** MODULE SUMMARY
***

    Module                 ro code  ro data  rw data
    ------                 -------  -------  -------
C:\Users\Pz\Desktop\Education STM_C-C++\0_Testing\4_tube clock\Debug\Obj: [1]
    main.o                   3 400       38       14
    startup_stm32f103xb.o      456
    system_stm32f1xx.o         104
    ------------------------------------------------
    Total:                   3 960       38       14

command line: [2]
    ------------------------------------------------
    Total:

dl7M_tln.a: [3]
    exit.o                       4
    low_level_init.o             4
    ------------------------------------------------
    Total:                       8

rt7M_tl.a: [4]
    cexit.o                     10
    cmain.o                     26
    copy_init3.o                44
    cstartup_M.o                12
    data_init.o                 40
    ------------------------------------------------
    Total:                     132

shb_l.a: [5]
    exit.o                      20
    ------------------------------------------------
    Total:                      20

    Gaps                         4
    Linker created                       22    2 048
----------------------------------------------------
    Grand Total:             4 124       60    2 062


*******************************************************************************
*** ENTRY LIST
***

Entry                      Address   Size  Type      Object
-----                      -------   ----  ----      ------
.iar.init_table$$Base   0x08000ef0          --   Gb  - Linker created -
.iar.init_table$$Limit  0x08000f04          --   Gb  - Linker created -
?main                   0x08000f05         Code  Gb  cmain.o [4]
CSTACK$$Base            0x20000010          --   Gb  - Linker created -
CSTACK$$Limit           0x20000810          --   Gb  - Linker created -
GPIO_PA1_5_Config       0x08000573   0xbc  Code  Gb  main.o [1]
GPIO_PB12_15_and_PB9_and_PB11_Config
                        0x08000457  0x11c  Code  Gb  main.o [1]
RTC_Config              0x0800062f  0x102  Code  Gb  main.o [1]
RTC_IRQHandler          0x08000135  0x10a  Code  Gb  main.o [1]
RTC_Set_Alarm           0x0800083f   0x9a  Code  Gb  main.o [1]
RTC_Set_Time            0x080007d3   0x6c  Code  Gb  main.o [1]
RTC_buffer              0x20000000    0xc  Data  Gb  main.o [1]
Region$$Table$$Base     0x08000ef0          --   Gb  - Linker created -
Region$$Table$$Limit    0x08000f04          --   Gb  - Linker created -
SystemInit              0x08000e35   0x4e  Code  Gb  system_stm32f1xx.o [1]
System_Clock_Config     0x08000397   0xc0  Code  Gb  main.o [1]
__NVIC_EnableIRQ        0x080000ed   0x1e  Code  Lc  main.o [1]
__NVIC_SetPriority      0x0800010b   0x2a  Code  Lc  main.o [1]
__cmain                 0x08000f05         Code  Gb  cmain.o [4]
__exit                  0x08000f35   0x14  Code  Gb  exit.o [5]
__iar_copy_init3        0x08000e9d   0x2c  Code  Gb  copy_init3.o [4]
__iar_data_init3        0x08000ec9   0x28  Code  Gb  data_init.o [4]
__iar_program_start     0x08000f79         Code  Gb  cstartup_M.o [4]
__iar_systems$$module {Abs}
                        0x00000001         Data  Gb  command line/config [2]
__low_level_init        0x08000f1f    0x4  Code  Gb  low_level_init.o [3]
__vector_table          0x08000000         Data  Gb  startup_stm32f103xb.o [1]
_call_main              0x08000f11         Code  Gb  cmain.o [4]
_exit                   0x08000f29         Code  Gb  cexit.o [4]
_main                   0x08000f1b         Code  Gb  cmain.o [4]
alarm_on_off            0x2000000d    0x1  Data  Gb  main.o [1]
delay_without_interruption
                        0x08000909    0xe  Code  Gb  main.o [1]
effect_0toF             0x08000a47   0x48  Code  Gb  main.o [1]
effect_Fto0             0x080009fb   0x4c  Code  Gb  main.o [1]
effect_hello            0x080009cf   0x2c  Code  Gb  main.o [1]
effect_of_rotation      0x08000917   0xb8  Code  Gb  main.o [1]
exit                    0x08000f23    0x4  Code  Gb  exit.o [3]
lamp_time_was_updated   0x2000000c    0x1  Data  Gb  main.o [1]
main                    0x0800023f  0x158  Code  Gb  main.o [1]
menu_selection_mode     0x08000cf5   0xbe  Code  Gb  main.o [1]
numbers_array           0x08000f48   0x10  Data  Gb  main.o [1]
numbers_selection       0x08000b39  0x1a8  Code  Gb  main.o [1]
numbers_selection_signal
                        0x080008d9   0x30  Code  Gb  main.o [1]
prepare_pins            0x08000731   0xa2  Code  Gb  main.o [1]
rotation_array          0x08000f84    0x8  Data  Gb  main.o [1]
time_shaper             0x08000b05   0x34  Code  Gb  main.o [1]
write_time_register     0x08000a8f   0x76  Code  Gb  main.o [1]


[1] = C:\Users\Pz\Desktop\Education STM_C-C++\0_Testing\4_tube clock\Debug\Obj
[2] = command line
[3] = dl7M_tln.a
[4] = rt7M_tl.a
[5] = shb_l.a

  4 124 bytes of readonly  code memory
     60 bytes of readonly  data memory
  2 062 bytes of readwrite data memory

Errors: none
Warnings: none
